// Jest Snapshot v1, https://goo.gl/fbAQLP

exports[`<Anchor/> renders correctly 1`] = `<div />`;

exports[`<Anchor/> renders with children correctly 1`] = `
<div>
  <div
    className="section section1"
  >
    <h2>
      This is section1
    </h2>
    <div>
      There are some text...
    </div>
  </div>
</div>
`;

exports[`<Anchor/> renders with scrollTop correctly 1`] = `
<div>
  <div
    className="section section1"
  >
    <h2>
      This is section1
    </h2>
    <div>
      There are some text...
    </div>
  </div>
</div>
`;
